<html>
<body>
<pre>
<h1>µVision Build Log</h1>
<h2>Tool Versions:</h2>
IDE-Version: µVision V5.17.0.0
Copyright (C) 2015 ARM Ltd and ARM Germany GmbH. All rights reserved.
License Information: Hemanth Selam, KernalMasters, LIC=----
 
Tool Versions:
Toolchain:       MDK-Lite  Version: 5.17
Toolchain Path:  C:\Keil_v5\ARM\ARMCC\Bin
C Compiler:      Armcc.exe V5.06 update 1 (build 61)
Assembler:       Armasm.exe V5.06 update 1 (build 61)
Linker/Locator:  ArmLink.exe V5.06 update 1 (build 61)
Library Manager: ArmAr.exe V5.06 update 1 (build 61)
Hex Converter:   FromElf.exe V5.06 update 1 (build 61)
CPU DLL:         SARMCM3.DLL V5.17
Dialog DLL:      DCM.DLL V1.13.4.0
Target DLL:      STLink\ST-LINKIII-KEIL_SWO.dll V2.0.18.0
Dialog DLL:      TCM.DLL V1.14.6.0
 
<h2>Project:</h2>
C:\Users\heman\Desktop\KM\Embedded C\Embedded C in keil\Assignments\14.Smart_Weather_Monitoring_System\Smart_Weather_Monitoring_System.uvprojx
Project File Date:  10/31/2023

<h2>Output:</h2>
*** Using Compiler 'V5.06 update 1 (build 61)', folder: 'C:\Keil_v5\ARM\ARMCC\Bin'
Build target 'Target 1'
compiling main.c...
header.h(7): warning:  #1295-D: Deprecated declaration ADC - give arg types
  int ADC();
header.h(14): warning:  #1295-D: Deprecated declaration CONFIG - give arg types
  void CONFIG();
header.h(21): warning:  #1295-D: Deprecated declaration LCD_Print - give arg types
  int LCD_Print();
header.h(24): warning:  #1295-D: Deprecated declaration GPIOA_INIT - give arg types
  void GPIOA_INIT();
header.h(25): warning:  #1295-D: Deprecated declaration UART1_CONIF - give arg types
  void UART1_CONIF();
main.c(11): warning:  #177-D: variable "i" was declared but never referenced
  	int i;
main.c: 6 warnings, 0 errors
compiling LCD.c...
header.h(7): warning:  #1295-D: Deprecated declaration ADC - give arg types
  int ADC();
header.h(14): warning:  #1295-D: Deprecated declaration CONFIG - give arg types
  void CONFIG();
header.h(21): warning:  #1295-D: Deprecated declaration LCD_Print - give arg types
  int LCD_Print();
header.h(24): warning:  #1295-D: Deprecated declaration GPIOA_INIT - give arg types
  void GPIOA_INIT();
header.h(25): warning:  #1295-D: Deprecated declaration UART1_CONIF - give arg types
  void UART1_CONIF();
LCD.c: 5 warnings, 0 errors
compiling WIFI.c...
header.h(7): warning:  #1295-D: Deprecated declaration ADC - give arg types
  int ADC();
header.h(14): warning:  #1295-D: Deprecated declaration CONFIG - give arg types
  void CONFIG();
header.h(21): warning:  #1295-D: Deprecated declaration LCD_Print - give arg types
  int LCD_Print();
header.h(24): warning:  #1295-D: Deprecated declaration GPIOA_INIT - give arg types
  void GPIOA_INIT();
header.h(25): warning:  #1295-D: Deprecated declaration UART1_CONIF - give arg types
  void UART1_CONIF();
WIFI.c(32): warning:  #61-D: integer operation result is out of range
  	
PIOC_AFRL &=~(0x88<<24);					//clear GPIOC_AFRL register port-6 and port-7 with '8'
WIFI.c(33): warning:  #61-D: integer operation result is out of range
  	
PIOC_AFRL |=(0x88<<24);					//set GPIOA_AFRL register port-6 and port-7 with '8' as a alternate function
WIFI.c: 7 warnings, 0 errors
compiling Delay.c...
compiling ADC.c...
header.h(7): warning:  #1295-D: Deprecated declaration ADC - give arg types
  int ADC();
header.h(14): warning:  #1295-D: Deprecated declaration CONFIG - give arg types
  void CONFIG();
header.h(21): warning:  #1295-D: Deprecated declaration LCD_Print - give arg types
  int LCD_Print();
header.h(24): warning:  #1295-D: Deprecated declaration GPIOA_INIT - give arg types
  void GPIOA_INIT();
header.h(25): warning:  #1295-D: Deprecated declaration UART1_CONIF - give arg types
  void UART1_CONIF();
ADC.c: 5 warnings, 0 errors
assembling startup_stm32f401xc.s...
compiling system_stm32f4xx.c...
linking...
Program Size: Code=2452 RO-data=436 RW-data=4 ZI-data=1644  
".\Objects\Smart_Weather_Monitoring_System.axf" - 0 Error(s), 23 Warning(s).

<h2>Software Packages used:</h2>

Package Vendor: ARM
                http://www.keil.com/pack/ARM.CMSIS.5.9.0.pack
                ARM::CMSIS:CORE:5.6.0
                CMSIS (Common Microcontroller Software Interface Standard)
   * Component: CORE Version: 5.6.0

Package Vendor: Keil
                https://www.keil.com/pack/Keil.STM32F4xx_DFP.2.17.1.pack
                Keil::Device:Startup:2.6.3
                STMicroelectronics STM32F4 Series Device Support, Drivers and Examples
   * Component: Startup Version: 2.6.3

<h2>Collection of Component include folders:</h2>
  C:\Users\heman\Desktop\KM\Embedded C\Embedded C in keil\Assignments\14.Smart_Weather_Monitoring_System\RTE
  C:\Keil_v5\ARM\PACK\ARM\CMSIS\5.9.0\CMSIS\Core\Include
  C:\Keil_v5\ARM\PACK\Keil\STM32F4xx_DFP\2.17.1\Drivers\CMSIS\Device\ST\STM32F4xx\Include

<h2>Collection of Component Files used:</h2>

   * Component: ARM::CMSIS:CORE:5.6.0
      Include file:  CMSIS\Core\Include\tz_context.h
      Source file:   CMSIS\Core\Template\ARMv8-M\main_s.c
      Source file:   CMSIS\Core\Template\ARMv8-M\tz_context.c

   * Component: Keil::Device:Startup:2.6.3
      Source file:   MDK\Device\Source\ARM\STM32F4xx_OTP.s
      Include file:  Drivers\CMSIS\Device\ST\STM32F4xx\Include\stm32f4xx.h
      Source file:   MDK\Device\Source\ARM\STM32F401xx_OPT.s
      Source file:   Drivers\CMSIS\Device\ST\STM32F4xx\Source\Templates\arm\startup_stm32f401xc.s
      Source file:   Drivers\CMSIS\Device\ST\STM32F4xx\Source\Templates\system_stm32f4xx.c
Build Time Elapsed:  00:00:00
</pre>
</body>
</html>
